// Jest Snapshot v1, https://goo.gl/fbAQLP

exports[`<CartPage /> should render 1`] = `
<React.Fragment>
  <Helmet
    defer={true}
    encodeSpecialCharacters={true}
    prioritizeSeoTags={false}
  >
    <title>
      Carrito
    </title>
    <meta
      content=""
      name=""
    />
  </Helmet>
  <CartPage__Wrapper>
    <CartPage__CartContainer>
      <div>
        Nada todavía..
      </div>
    </CartPage__CartContainer>
    <CartPage__Total>
      $ 
      0
    </CartPage__Total>
  </CartPage__Wrapper>
</React.Fragment>
`;
