// Jest Snapshot v1, https://goo.gl/fbAQLP

exports[`<HomePage /> should render 1`] = `
<React.Fragment>
  <Helmet
    defer={true}
    encodeSpecialCharacters={true}
    prioritizeSeoTags={false}
  >
    <title>
      Mercado Libre
    </title>
    <meta
      content=""
      name=""
    />
  </Helmet>
  <HomePage__Wrapper>
    <Slider />
    <HomePage__Content>
      <HomePage__Payments>
        <HomePage__Element>
          <HomePage__Image
            src=""
          />
          <HomePage__Title>
            Tarjeta de crédito
          </HomePage__Title>
        </HomePage__Element>
        <HomePage__Element>
          <HomePage__Image
            src=""
          />
          <HomePage__Title>
            Tarjeta de débito
          </HomePage__Title>
        </HomePage__Element>
        <HomePage__Element>
          <HomePage__Image
            src=""
          />
          <HomePage__Title>
            Cuotas sin tarjeta
          </HomePage__Title>
        </HomePage__Element>
        <HomePage__Element>
          <HomePage__Image
            src=""
          />
          <HomePage__Title>
            Efectivo
          </HomePage__Title>
        </HomePage__Element>
      </HomePage__Payments>
      <ProductsList
        category="Supermercado"
      />
      <ProductsList
        category="Electrodomésticos"
      />
      <ProductsList
        category="Vehículos"
      />
    </HomePage__Content>
  </HomePage__Wrapper>
</React.Fragment>
`;
