// Jest Snapshot v1, https://goo.gl/fbAQLP

exports[`<App /> should render and match the snapshot 1`] = `
<BrowserRouter>
  <Helmet
    defaultTitle="React Boilerplate"
    defer={true}
    encodeSpecialCharacters={true}
    htmlAttributes={
      Object {
        "lang": undefined,
      }
    }
    prioritizeSeoTags={false}
    titleTemplate="%s - React Boilerplate"
  >
    <meta
      content="A React Boilerplate application"
      name="description"
    />
  </Helmet>
  <UserProvider>
    <CartProvider>
      <NavBar />
      <Routes>
        <Route
          element={<Unknown />}
          path="/"
        />
        <Route
          element={<Unknown />}
          path="/user/:id"
        />
        <Route
          element={<Unknown />}
          path="/login"
        />
        <Route
          element={<Unknown />}
          path="/publish"
        />
        <Route
          element={<Unknown />}
          path="/cart"
        />
        <Route
          element={<Unknown />}
          path="/search/:query"
        />
        <Route
          element={<Unknown />}
          path="/c/:category"
        />
        <Route
          element={<Unknown />}
          path="/:id"
        />
        <Route
          element={<Unknown />}
        />
      </Routes>
    </CartProvider>
  </UserProvider>
  <Memo(l) />
</BrowserRouter>
`;
